#-----------------------------------------------------------
# xsim v2024.2 (64-bit)
# SW Build 5239630 on Fri Nov 08 22:34:34 MST 2024
# IP Build 5239520 on Sun Nov 10 16:12:51 MST 2024
# SharedData Build 5239561 on Fri Nov 08 14:39:27 MST 2024
# Start of session at: Sun Dec 28 12:20:52 2025
# Process ID         : 3216
# Current directory  : /mnt/d/phong/li_env/VSUART
# Command line       : xsim -log ./log/xsim.log -mode tcl -source {xsim.dir/work.tb_baudrate_generator/xsim_script.tcl}
# Log file           : /mnt/d/phong/li_env/VSUART/./log/xsim.log
# Journal file       : /mnt/d/phong/li_env/VSUART/xsim.jou
# Running On         : LAPTOP-RF1TS45O
# Platform           : Ubuntu
# Operating System   : Ubuntu 22.04.5 LTS
# Processor Detail   : AMD Ryzen 5 7520U with Radeon Graphics
# CPU Frequency      : 2794.659 MHz
# CPU Physical cores : 4
# CPU Logical cores  : 8
# Host memory        : 7176 MB
# Swap memory        : 2147 MB
# Total Virtual      : 9324 MB
# Available Virtual  : 8805 MB
#-----------------------------------------------------------
source xsim.dir/work.tb_baudrate_generator/xsim_script.tcl
# xsim {work.tb_baudrate_generator} -autoloadwcfg -runall
Time resolution is 1 ps
run -all
//=====================================//
//-- [                   0] Simulation Start !!! --//
//=====================================//
//===================================//
//-- [             1282000] Simulation End !!! --//
//===================================//
$finish called at time : 1282 ns : File "/mnt/d/phong/li_env/VSUART/1_tb/tb_baudrate_generator.sv" Line 103
exit
INFO: [Common 17-206] Exiting xsim at Sun Dec 28 12:21:06 2025...
